****                   ADMIXTURE Version 1.3.0                  ****
****                    Copyright 2008-2015                     ****
****           David Alexander, Suyash Shringarpure,            ****
****                John  Novembre, Ken Lange                   ****
****                                                            ****
****                 Please cite our paper!                     ****
****   Information at www.genetics.ucla.edu/software/admixture  ****

Cross-validation will be performed.  Folds=20.
Random seed: 43
Point estimation method: Block relaxation algorithm
Convergence acceleration algorithm: QuasiNewton, 3 secant conditions
Point estimation will terminate when objective function delta < 0.0001
Estimation of standard errors disabled; will compute point estimates only.
Size of G: 38x12749566
Performing five EM steps to prime main algorithm
1 (EM) 	Elapsed: 8.411	Loglikelihood: -1.61138e+08	(delta): 6.74096e+08
2 (EM) 	Elapsed: 8.422	Loglikelihood: -1.55309e+08	(delta): 5.82837e+06
3 (EM) 	Elapsed: 8.427	Loglikelihood: -1.5356e+08	(delta): 1.74944e+06
4 (EM) 	Elapsed: 8.499	Loglikelihood: -1.52726e+08	(delta): 833424
5 (EM) 	Elapsed: 8.397	Loglikelihood: -1.5229e+08	(delta): 436071
Initial loglikelihood: -1.5229e+08
Starting main algorithm
1 (QN/Block) 	Elapsed: 27.951	Loglikelihood: -1.29821e+08	(delta): 2.24691e+07
2 (QN/Block) 	Elapsed: 28.126	Loglikelihood: -1.16482e+08	(delta): 1.33392e+07
3 (QN/Block) 	Elapsed: 39.868	Loglikelihood: -1.13287e+08	(delta): 3.19462e+06
4 (QN/Block) 	Elapsed: 35.131	Loglikelihood: -1.10877e+08	(delta): 2.41067e+06
5 (QN/Block) 	Elapsed: 34.772	Loglikelihood: -1.09892e+08	(delta): 985024
6 (QN/Block) 	Elapsed: 34.813	Loglikelihood: -1.09486e+08	(delta): 405494
7 (QN/Block) 	Elapsed: 39.187	Loglikelihood: -1.09366e+08	(delta): 119790
8 (QN/Block) 	Elapsed: 41.629	Loglikelihood: -1.09362e+08	(delta): 4300.99
9 (QN/Block) 	Elapsed: 34.649	Loglikelihood: -1.09361e+08	(delta): 618.361
10 (QN/Block) 	Elapsed: 34.58	Loglikelihood: -1.09361e+08	(delta): 296.241
11 (QN/Block) 	Elapsed: 37.057	Loglikelihood: -1.09361e+08	(delta): 72.0169
12 (QN/Block) 	Elapsed: 41.615	Loglikelihood: -1.09361e+08	(delta): 6.76605
13 (QN/Block) 	Elapsed: 39.14	Loglikelihood: -1.09361e+08	(delta): 0.00292966
14 (QN/Block) 	Elapsed: 34.579	Loglikelihood: -1.09361e+08	(delta): 0.000375345
15 (QN/Block) 	Elapsed: 41.639	Loglikelihood: -1.09361e+08	(delta): 1.81794e-06
Summary: 
Converged in 15 iterations (638.324 sec)
Loglikelihood: -109361075.712624
Fst divergences between estimated populations: 
	Pop0	
Pop0	
Pop1	0.467	
CV error (K=2): 0.19599
Writing output files.
