****                   ADMIXTURE Version 1.3.0                  ****
****                    Copyright 2008-2015                     ****
****           David Alexander, Suyash Shringarpure,            ****
****                John  Novembre, Ken Lange                   ****
****                                                            ****
****                 Please cite our paper!                     ****
****   Information at www.genetics.ucla.edu/software/admixture  ****

Cross-validation will be performed.  Folds=20.
Random seed: 43
Point estimation method: Block relaxation algorithm
Convergence acceleration algorithm: QuasiNewton, 3 secant conditions
Point estimation will terminate when objective function delta < 0.0001
Estimation of standard errors disabled; will compute point estimates only.
Size of G: 38x12749566
Performing five EM steps to prime main algorithm
1 (EM) 	Elapsed: 11.597	Loglikelihood: -1.62338e+08	(delta): 6.11953e+08
2 (EM) 	Elapsed: 11.621	Loglikelihood: -1.55179e+08	(delta): 7.15888e+06
3 (EM) 	Elapsed: 11.527	Loglikelihood: -1.52623e+08	(delta): 2.55601e+06
4 (EM) 	Elapsed: 11.549	Loglikelihood: -1.50806e+08	(delta): 1.81757e+06
5 (EM) 	Elapsed: 11.529	Loglikelihood: -1.49275e+08	(delta): 1.53066e+06
Initial loglikelihood: -1.49275e+08
Starting main algorithm
1 (QN/Block) 	Elapsed: 38.132	Loglikelihood: -1.15566e+08	(delta): 3.3709e+07
2 (QN/Block) 	Elapsed: 38.093	Loglikelihood: -1.05374e+08	(delta): 1.01921e+07
3 (QN/Block) 	Elapsed: 48.617	Loglikelihood: -1.01377e+08	(delta): 3.99725e+06
4 (QN/Block) 	Elapsed: 45.987	Loglikelihood: -9.94565e+07	(delta): 1.92005e+06
5 (QN/Block) 	Elapsed: 45.865	Loglikelihood: -9.86758e+07	(delta): 780709
6 (QN/Block) 	Elapsed: 45.843	Loglikelihood: -9.83626e+07	(delta): 313134
7 (QN/Block) 	Elapsed: 53.278	Loglikelihood: -9.83183e+07	(delta): 44287.5
8 (QN/Block) 	Elapsed: 45.969	Loglikelihood: -9.83127e+07	(delta): 5651.38
9 (QN/Block) 	Elapsed: 45.885	Loglikelihood: -9.83108e+07	(delta): 1863.51
10 (QN/Block) 	Elapsed: 45.979	Loglikelihood: -9.83094e+07	(delta): 1466.96
11 (QN/Block) 	Elapsed: 53.37	Loglikelihood: -9.83085e+07	(delta): 850.874
12 (QN/Block) 	Elapsed: 48.326	Loglikelihood: -9.83082e+07	(delta): 311.462
13 (QN/Block) 	Elapsed: 53.362	Loglikelihood: -9.83082e+07	(delta): 15.9812
14 (QN/Block) 	Elapsed: 45.83	Loglikelihood: -9.83082e+07	(delta): 0.000654519
15 (QN/Block) 	Elapsed: 53.344	Loglikelihood: -9.83082e+07	(delta): -2.45869e-06
16 (QN/Block) 	Elapsed: 53.411	Loglikelihood: -9.83082e+07	(delta): -1.17719e-06
17 (QN/Block) 	Elapsed: 53.318	Loglikelihood: -9.83082e+07	(delta): -6.55651e-07
18 (QN/Block) 	Elapsed: 53.432	Loglikelihood: -9.83082e+07	(delta): -3.8743e-07
19 (QN/Block) 	Elapsed: 45.965	Loglikelihood: -9.83082e+07	(delta): 4.02331e-07
Summary: 
Converged in 19 iterations (1036.6 sec)
Loglikelihood: -98308173.619508
Fst divergences between estimated populations: 
	Pop0	Pop1	
Pop0	
Pop1	0.484	
Pop2	0.532	0.249	
CV error (K=3): 0.19427
Writing output files.
